Test run for C:\Users\335286\.gemini\antigravity\scratch\EscrowPrototype\EscrowApp\EscrowApp.Tests\bin\Debug\net10.0\EscrowApp.Tests.dll (.NETCoreApp,Version=v10.0)
VSTest version 18.0.1 (x64)

Starting test execution, please wait...
A total of 1 test files matched the specified pattern.
[xUnit.net 00:00:00.70]     EscrowApp.Tests.Features.Auth.Register.RegisterCommandHandlerTests.Handle_WhenUserManagerFails_ShouldRollbackActorAndReturnFailure [FAIL]
[xUnit.net 00:00:00.81]     EscrowApp.Tests.Features.Auth.Register.RegisterCommandHandlerTests.Handle_WhenUserManagerThrowsException_ShouldRollbackAndReturnFailureResult [FAIL]
  Failed EscrowApp.Tests.Features.Auth.Register.RegisterCommandHandlerTests.Handle_WhenUserManagerFails_ShouldRollbackActorAndReturnFailure [209 ms]
  Error Message:
   Expected actorCount to be 0 because Transaction should have been rolled back, Actor should not persist, but found 1 (difference of 1).
  Stack Trace:
     at FluentAssertions.Execution.LateBoundTestFramework.Throw(String message)
   at FluentAssertions.Execution.DefaultAssertionStrategy.HandleFailure(String message)
   at FluentAssertions.Execution.AssertionScope.AddPreFormattedFailure(String formattedFailureMessage)
   at FluentAssertions.Execution.AssertionChain.FailWith(Func`1 getFailureReason)
   at FluentAssertions.Execution.AssertionChain.FailWith(Func`1 getFailureReason)
   at FluentAssertions.Execution.AssertionChain.FailWith(String message, Object[] args)
   at FluentAssertions.Numeric.NumericAssertionsBase`3.Be(T expected, String because, Object[] becauseArgs)
   at EscrowApp.Tests.Features.Auth.Register.RegisterCommandHandlerTests.Handle_WhenUserManagerFails_ShouldRollbackActorAndReturnFailure() in C:\Users\335286\.gemini\antigravity\scratch\EscrowPrototype\EscrowApp\EscrowApp.Tests\Features\Auth\Register\RegisterCommandHandlerTests.cs:line 249
--- End of stack trace from previous location ---
  Failed EscrowApp.Tests.Features.Auth.Register.RegisterCommandHandlerTests.Handle_WhenUserManagerThrowsException_ShouldRollbackAndReturnFailureResult [2 ms]
  Error Message:
   Expected actorCount to be 0 because Exception should trigger rollback, Actor should not persist, but found 1 (difference of 1).
  Stack Trace:
     at FluentAssertions.Execution.LateBoundTestFramework.Throw(String message)
   at FluentAssertions.Execution.DefaultAssertionStrategy.HandleFailure(String message)
   at FluentAssertions.Execution.AssertionScope.AddPreFormattedFailure(String formattedFailureMessage)
   at FluentAssertions.Execution.AssertionChain.FailWith(Func`1 getFailureReason)
   at FluentAssertions.Execution.AssertionChain.FailWith(Func`1 getFailureReason)
   at FluentAssertions.Execution.AssertionChain.FailWith(String message, Object[] args)
   at FluentAssertions.Numeric.NumericAssertionsBase`3.Be(T expected, String because, Object[] becauseArgs)
   at EscrowApp.Tests.Features.Auth.Register.RegisterCommandHandlerTests.Handle_WhenUserManagerThrowsException_ShouldRollbackAndReturnFailureResult() in C:\Users\335286\.gemini\antigravity\scratch\EscrowPrototype\EscrowApp\EscrowApp.Tests\Features\Auth\Register\RegisterCommandHandlerTests.cs:line 271
--- End of stack trace from previous location ---
[xUnit.net 00:00:00.83]     EscrowApp.Tests.Features.Auth.Register.RegisterCommandHandlerTests.Handle_WhenEmailAlreadyExists_ShouldReturnFailureWithDuplicateErrorAndRollback [FAIL]
  Failed EscrowApp.Tests.Features.Auth.Register.RegisterCommandHandlerTests.Handle_WhenEmailAlreadyExists_ShouldReturnFailureWithDuplicateErrorAndRollback [1 ms]
  Error Message:
   Expected actorCount to be 0 because Transaction should have been rolled back on UserManager failure, but found 1 (difference of 1).
  Stack Trace:
     at FluentAssertions.Execution.LateBoundTestFramework.Throw(String message)
   at FluentAssertions.Execution.DefaultAssertionStrategy.HandleFailure(String message)
   at FluentAssertions.Execution.AssertionScope.AddPreFormattedFailure(String formattedFailureMessage)
   at FluentAssertions.Execution.AssertionChain.FailWith(Func`1 getFailureReason)
   at FluentAssertions.Execution.AssertionChain.FailWith(Func`1 getFailureReason)
   at FluentAssertions.Execution.AssertionChain.FailWith(String message, Object[] args)
   at FluentAssertions.Numeric.NumericAssertionsBase`3.Be(T expected, String because, Object[] becauseArgs)
   at EscrowApp.Tests.Features.Auth.Register.RegisterCommandHandlerTests.Handle_WhenEmailAlreadyExists_ShouldReturnFailureWithDuplicateErrorAndRollback() in C:\Users\335286\.gemini\antigravity\scratch\EscrowPrototype\EscrowApp\EscrowApp.Tests\Features\Auth\Register\RegisterCommandHandlerTests.cs:line 298
--- End of stack trace from previous location ---

Failed!  - Failed:     3, Passed:     9, Skipped:     0, Total:    12, Duration: 708 ms - EscrowApp.Tests.dll (net10.0)
